program
  declarationList
    declaration
      variableDeclaration
        type
    declaration
      functionDefinition
        parameterList
        type
        statementBlock
          statementList
            statement
              variableDeclaration
                type
            statement
              variableDeclaration
                type
            statement
              assignmentStatement
                designator
                expression0
                  expression1
                    expression2
                      expression3
                        literal
            statement
              assignmentStatement
                designator
                expression0
                  expression1
                    expression2
                      expression3
                        literal
            statement
              assignmentStatement
                designator
                expression0
                  expression1
                    expression2
                      expression3
                        designator
                    op1
                    expression2
                      expression3
                        designator
