program
  declarationList
    declaration
      variableDeclaration
        type
    declaration
      functionDefinition
        parameterList
        type
        statementBlock
          statementList
            statement
              assignmentStatement
                designator
                expression0
                  expression1
                    expression2
                      expression3
                        literal
            statement
              ifStatement
                expression0
                  expression1
                    expression2
                      expression3
                        expression0
                          expression1
                            expression2
                              expression3
                                literal
                statementBlock
                  statementList
                    statement
                      variableDeclaration
                        type
                    statement
                      assignmentStatement
                        designator
                        expression0
                          expression1
                            expression2
                              expression3
                                literal
                    statement
                      ifStatement
                        expression0
                          expression1
                            expression2
                              expression3
                                expression0
                                  expression1
                                    expression2
                                      expression3
                                        literal
                        statementBlock
                          statementList
                            statement
                              assignmentStatement
                                designator
                                expression0
                                  expression1
                                    expression2
                                      expression3
                                        designator
                                      op2
                                      expression3
                                        literal
                            statement
                              variableDeclaration
                                type
                            statement
                              assignmentStatement
                                designator
                                expression0
                                  expression1
                                    expression2
                                      expression3
                                        literal
                            statement
                              ifStatement
                                expression0
                                  expression1
                                    expression2
                                      expression3
                                        expression0
                                          expression1
                                            expression2
                                              expression3
                                                literal
                                statementBlock
                                  statementList
                                    statement
                                      variableDeclaration
                                        type
                                    statement
                                      assignmentStatement
                                        designator
                                        expression0
                                          expression1
                                            expression2
                                              expression3
                                                literal
                                    statement
                                      callStatement
                                        callExpression
                                          expressionList
                                            expression0
                                              expression1
                                                expression2
                                                  expression3
                                                    designator
                                    statement
                                      callStatement
                                        callExpression
                                          expressionList
                            statement
                              callStatement
                                callExpression
                                  expressionList
                                    expression0
                                      expression1
                                        expression2
                                          expression3
                                            designator
                            statement
                              callStatement
                                callExpression
                                  expressionList
                    statement
                      callStatement
                        callExpression
                          expressionList
                            expression0
                              expression1
                                expression2
                                  expression3
                                    designator
                    statement
                      callStatement
                        callExpression
                          expressionList
            statement
              callStatement
                callExpression
                  expressionList
                    expression0
                      expression1
                        expression2
                          expression3
                            designator
            statement
              callStatement
                callExpression
                  expressionList
