program
  declarationList
    declaration
      variableDeclaration
        type
    declaration
      arrayDeclaration
        type
    declaration
      functionDefinition
        parameterList
        type
        statementBlock
          statementList
