program
  declarationList
    declaration
      functionDefinition
        parameterList
        type
        statementBlock
          statementList
