program
  declarationList
    declaration
      functionDefinition
        parameterList
        type
        statementBlock
          statementList
            statement
              variableDeclaration
                type
            statement
              assignmentStatement
                designator
                expression0
                  expression1
                    expression2
                      expression3
                        literal
            statement
              variableDeclaration
                type
            statement
              variableDeclaration
                type
            statement
              assignmentStatement
                designator
                expression0
                  expression1
                    expression2
                      expression3
                        literal
            statement
              assignmentStatement
                designator
                expression0
                  expression1
                    expression2
                      expression3
                        literal
            statement
              whileStatement
                expression0
                  expression1
                    expression2
                      expression3
                        expression0
                          expression1
                            expression2
                              expression3
                                designator
                          op0
                          expression1
                            expression2
                              expression3
                                literal
                statementBlock
                  statementList
                    statement
                      callStatement
                        callExpression
                          expressionList
                            expression0
                              expression1
                                expression2
                                  expression3
                                    designator
                    statement
                      callStatement
                        callExpression
                          expressionList
                    statement
                      variableDeclaration
                        type
                    statement
                      assignmentStatement
                        designator
                        expression0
                          expression1
                            expression2
                              expression3
                                designator
                            op1
                            expression2
                              expression3
                                designator
                    statement
                      assignmentStatement
                        designator
                        expression0
                          expression1
                            expression2
                              expression3
                                designator
                    statement
                      assignmentStatement
                        designator
                        expression0
                          expression1
                            expression2
                              expression3
                                designator
                    statement
                      assignmentStatement
                        designator
                        expression0
                          expression1
                            expression2
                              expression3
                                designator
                            op1
                            expression2
                              expression3
                                literal
