ast.DeclarationList(4)
  ast.FunctionDefinition(4)[Symbol(main), []]
    ast.StatementList(5)
      ast.Call(5)[Symbol(printInt)]
        ast.OpExpr(5)[ADD]
          ast.OpExpr(5)[MULT]
            ast.LiteralInt(5)[3]
            ast.LiteralInt(5)[5]
          ast.LiteralInt(5)[7]
      ast.Call(6)[Symbol(println)]
      ast.Call(7)[Symbol(printInt)]
        ast.OpExpr(7)[ADD]
          ast.LiteralInt(7)[3]
          ast.OpExpr(7)[MULT]
            ast.LiteralInt(7)[5]
            ast.LiteralInt(7)[7]
      ast.Call(8)[Symbol(println)]
      ast.Call(9)[Symbol(printInt)]
        ast.OpExpr(9)[SUB]
          ast.OpExpr(9)[ADD]
            ast.LiteralInt(9)[3]
            ast.LiteralInt(9)[5]
          ast.LiteralInt(9)[7]
      ast.Call(10)[Symbol(println)]
      ast.Call(11)[Symbol(printInt)]
        ast.OpExpr(11)[ADD]
          ast.OpExpr(11)[SUB]
            ast.LiteralInt(11)[3]
            ast.LiteralInt(11)[5]
          ast.LiteralInt(11)[7]
      ast.Call(12)[Symbol(println)]
      ast.Call(13)[Symbol(printInt)]
        ast.OpExpr(13)[ADD]
          ast.OpExpr(13)[DIV]
            ast.LiteralInt(13)[3]
            ast.LiteralInt(13)[5]
          ast.LiteralInt(13)[7]
      ast.Call(14)[Symbol(println)]
      ast.Call(15)[Symbol(printInt)]
        ast.OpExpr(15)[MULT]
          ast.OpExpr(15)[DIV]
            ast.LiteralInt(15)[3]
            ast.LiteralInt(15)[5]
          ast.LiteralInt(15)[7]
      ast.Call(16)[Symbol(println)]
      ast.Call(17)[Symbol(printInt)]
        ast.OpExpr(17)[ADD]
          ast.LiteralInt(17)[3]
          ast.OpExpr(17)[DIV]
            ast.LiteralInt(17)[5]
            ast.LiteralInt(17)[7]
      ast.Call(18)[Symbol(println)]
      ast.Call(19)[Symbol(printInt)]
        ast.OpExpr(19)[MULT]
          ast.OpExpr(19)[ADD]
            ast.LiteralInt(19)[3]
            ast.LiteralInt(19)[5]
          ast.LiteralInt(19)[7]
      ast.Call(20)[Symbol(println)]
      ast.Call(21)[Symbol(printInt)]
        ast.OpExpr(21)[ADD]
          ast.OpExpr(21)[SUB]
            ast.LiteralInt(21)[3]
            ast.LiteralInt(21)[5]
          ast.LiteralInt(21)[7]
      ast.Call(22)[Symbol(println)]
      ast.Call(23)[Symbol(printInt)]
        ast.OpExpr(23)[ADD]
          ast.OpExpr(23)[MULT]
            ast.LiteralInt(23)[2]
            ast.LiteralInt(23)[3]
          ast.OpExpr(23)[DIV]
            ast.LiteralInt(23)[10]
            ast.LiteralInt(23)[2]
      ast.Call(24)[Symbol(println)]
      ast.Call(25)[Symbol(printInt)]
        ast.OpExpr(25)[ADD]
          ast.OpExpr(25)[SUB]
            ast.LiteralInt(25)[5]
            ast.LiteralInt(25)[3]
          ast.LiteralInt(25)[2]
      ast.Call(26)[Symbol(println)]
