ast.DeclarationList(3)
  ast.ArrayDeclaration(3)[Symbol(x)]
  ast.FunctionDefinition(5)[Symbol(main), []]
    ast.StatementList(6)
      ast.VariableDeclaration(6)[Symbol(canary_begin)]
      ast.VariableDeclaration(7)[Symbol(canary_end)]
      ast.VariableDeclaration(8)[Symbol(outer)]
      ast.VariableDeclaration(9)[Symbol(inner)]
      ast.Assignment(10)
        ast.Name(10)[canary_begin]
        ast.LiteralInt(10)[0]
      ast.Assignment(11)
        ast.Name(11)[canary_end]
        ast.LiteralInt(11)[0]
      ast.Assignment(13)
        ast.Name(13)[outer]
        ast.LiteralInt(13)[4]
      ast.Assignment(14)
        ast.Name(14)[inner]
        ast.LiteralInt(14)[2]
      ast.WhileLoop(15)
        ast.OpExpr(15)[GE]
          ast.Dereference(15)
            ast.Name(15)[outer]
          ast.LiteralInt(15)[0]
        ast.StatementList(16)
          ast.WhileLoop(16)
            ast.OpExpr(16)[GE]
              ast.Dereference(16)
                ast.Name(16)[inner]
              ast.LiteralInt(16)[0]
            ast.StatementList(17)
              ast.Assignment(17)
                ast.ArrayAccess(17)
                  ast.Name(17)[x]
                  ast.Dereference(17)
                    ast.Name(17)[outer]
                ast.OpExpr(17)[ADD]
                  ast.OpExpr(17)[ADD]
                    ast.OpExpr(17)[MULT]
                      ast.Dereference(17)
                        ast.Name(17)[inner]
                      ast.LiteralInt(17)[1000]
                    ast.OpExpr(17)[MULT]
                      ast.Dereference(17)
                        ast.Name(17)[outer]
                      ast.LiteralInt(17)[100]
                  ast.LiteralInt(17)[99]
              ast.Assignment(18)
                ast.Name(18)[inner]
                ast.OpExpr(18)[SUB]
                  ast.Dereference(18)
                    ast.Name(18)[inner]
                  ast.LiteralInt(18)[1]
          ast.Assignment(20)
            ast.Name(20)[inner]
            ast.LiteralInt(20)[2]
          ast.Assignment(21)
            ast.Name(21)[outer]
            ast.OpExpr(21)[SUB]
              ast.Dereference(21)
                ast.Name(21)[outer]
              ast.LiteralInt(21)[1]
      ast.Assignment(24)
        ast.Name(24)[inner]
        ast.LiteralInt(24)[0]
      ast.Assignment(25)
        ast.Name(25)[outer]
        ast.LiteralInt(25)[0]
      ast.WhileLoop(26)
        ast.OpExpr(26)[LT]
          ast.Dereference(26)
            ast.Name(26)[outer]
          ast.LiteralInt(26)[5]
        ast.StatementList(27)
          ast.WhileLoop(27)
            ast.OpExpr(27)[LT]
              ast.Dereference(27)
                ast.Name(27)[inner]
              ast.LiteralInt(27)[3]
            ast.StatementList(28)
              ast.Call(28)[Symbol(printInt)]
                ast.Dereference(28)
                  ast.ArrayAccess(28)
                    ast.Name(28)[x]
                    ast.Dereference(28)
                      ast.Name(28)[outer]
              ast.Assignment(29)
                ast.Name(29)[inner]
                ast.OpExpr(29)[ADD]
                  ast.Dereference(29)
                    ast.Name(29)[inner]
                  ast.LiteralInt(29)[1]
          ast.Call(31)[Symbol(println)]
          ast.Assignment(32)
            ast.Name(32)[inner]
            ast.LiteralInt(32)[0]
          ast.Assignment(33)
            ast.Name(33)[outer]
            ast.OpExpr(33)[ADD]
              ast.Dereference(33)
                ast.Name(33)[outer]
              ast.LiteralInt(33)[1]
      ast.Call(35)[Symbol(printInt)]
        ast.Dereference(35)
          ast.Name(35)[canary_begin]
      ast.Call(36)[Symbol(printInt)]
        ast.Dereference(36)
          ast.Name(36)[canary_end]
