ast.DeclarationList(3)
  ast.FunctionDefinition(3)[Symbol(main), []]
    ast.StatementList(4)
      ast.VariableDeclaration(4)[Symbol(i)]
      ast.Assignment(5)
        ast.Name(5)[i]
        ast.LiteralInt(5)[0]
      ast.VariableDeclaration(6)[Symbol(a)]
      ast.VariableDeclaration(7)[Symbol(b)]
      ast.Assignment(8)
        ast.Name(8)[a]
        ast.LiteralInt(8)[0]
      ast.Assignment(9)
        ast.Name(9)[b]
        ast.LiteralInt(9)[1]
      ast.WhileLoop(10)
        ast.OpExpr(10)[LT]
          ast.Dereference(10)
            ast.Name(10)[i]
          ast.LiteralInt(10)[10]
        ast.StatementList(11)
          ast.Call(11)[Symbol(printInt)]
            ast.Dereference(11)
              ast.Name(11)[b]
          ast.Call(12)[Symbol(println)]
          ast.VariableDeclaration(13)[Symbol(c)]
          ast.Assignment(14)
            ast.Name(14)[c]
            ast.OpExpr(14)[ADD]
              ast.Dereference(14)
                ast.Name(14)[a]
              ast.Dereference(14)
                ast.Name(14)[b]
          ast.Assignment(15)
            ast.Name(15)[a]
            ast.Dereference(15)
              ast.Name(15)[b]
          ast.Assignment(16)
            ast.Name(16)[b]
            ast.Dereference(16)
              ast.Name(16)[c]
          ast.Assignment(17)
            ast.Name(17)[i]
            ast.OpExpr(17)[ADD]
              ast.Dereference(17)
                ast.Name(17)[i]
              ast.LiteralInt(17)[1]
