ast.DeclarationList(3)
  ast.FunctionDefinition(3)[Symbol(garble), [Symbol(in), Symbol(in2)]]
    ast.StatementList(4)
      ast.VariableDeclaration(4)[Symbol(tmp)]
      ast.Assignment(5)
        ast.Name(5)[tmp]
        ast.LiteralInt(5)[0]
      ast.VariableDeclaration(6)[Symbol(count)]
      ast.Assignment(7)
        ast.Name(7)[count]
        ast.LiteralInt(7)[0]
      ast.WhileLoop(8)
        ast.OpExpr(8)[LOGIC_OR]
          ast.OpExpr(8)[NE]
            ast.Dereference(8)
              ast.Name(8)[in]
            ast.LiteralInt(8)[0]
          ast.OpExpr(8)[NE]
            ast.Dereference(8)
              ast.Name(8)[in2]
            ast.LiteralInt(8)[0]
        ast.StatementList(9)
          ast.VariableDeclaration(9)[Symbol(a)]
          ast.VariableDeclaration(10)[Symbol(b)]
          ast.Assignment(11)
            ast.Name(11)[a]
            ast.OpExpr(11)[SUB]
              ast.Dereference(11)
                ast.Name(11)[in]
              ast.OpExpr(11)[MULT]
                ast.OpExpr(11)[DIV]
                  ast.Dereference(11)
                    ast.Name(11)[in]
                  ast.LiteralInt(11)[2]
                ast.LiteralInt(11)[2]
          ast.Assignment(12)
            ast.Name(12)[b]
            ast.OpExpr(12)[SUB]
              ast.Dereference(12)
                ast.Name(12)[in2]
              ast.OpExpr(12)[MULT]
                ast.OpExpr(12)[DIV]
                  ast.Dereference(12)
                    ast.Name(12)[in2]
                  ast.LiteralInt(12)[2]
                ast.LiteralInt(12)[2]
          ast.IfElseBranch(13)
            ast.OpExpr(13)[LOGIC_AND]
              ast.OpExpr(13)[EQ]
                ast.Dereference(13)
                  ast.Name(13)[a]
                ast.LiteralInt(13)[1]
              ast.OpExpr(13)[EQ]
                ast.Dereference(13)
                  ast.Name(13)[b]
                ast.LiteralInt(13)[0]
            ast.StatementList(14)
              ast.Assignment(14)
                ast.Name(14)[tmp]
                ast.OpExpr(14)[ADD]
                  ast.OpExpr(14)[MULT]
                    ast.Dereference(14)
                      ast.Name(14)[tmp]
                    ast.LiteralInt(14)[2]
                  ast.LiteralInt(14)[1]
            ast.StatementList(16)
              ast.IfElseBranch(16)
                ast.OpExpr(16)[LOGIC_AND]
                  ast.OpExpr(16)[EQ]
                    ast.Dereference(16)
                      ast.Name(16)[a]
                    ast.LiteralInt(16)[0]
                  ast.OpExpr(16)[EQ]
                    ast.Dereference(16)
                      ast.Name(16)[b]
                    ast.LiteralInt(16)[1]
                ast.StatementList(17)
                  ast.Assignment(17)
                    ast.Name(17)[tmp]
                    ast.OpExpr(17)[ADD]
                      ast.OpExpr(17)[MULT]
                        ast.Dereference(17)
                          ast.Name(17)[tmp]
                        ast.LiteralInt(17)[2]
                      ast.LiteralInt(17)[1]
                ast.StatementList(19)
                  ast.Assignment(19)
                    ast.Name(19)[tmp]
                    ast.OpExpr(19)[MULT]
                      ast.Dereference(19)
                        ast.Name(19)[tmp]
                      ast.LiteralInt(19)[2]
          ast.Assignment(22)
            ast.Name(22)[in]
            ast.OpExpr(22)[DIV]
              ast.Dereference(22)
                ast.Name(22)[in]
              ast.LiteralInt(22)[2]
          ast.Assignment(23)
            ast.Name(23)[in2]
            ast.OpExpr(23)[DIV]
              ast.Dereference(23)
                ast.Name(23)[in2]
              ast.LiteralInt(23)[2]
          ast.Assignment(24)
            ast.Name(24)[count]
            ast.OpExpr(24)[ADD]
              ast.Dereference(24)
                ast.Name(24)[count]
              ast.LiteralInt(24)[1]
      ast.VariableDeclaration(26)[Symbol(out)]
      ast.Assignment(27)
        ast.Name(27)[out]
        ast.LiteralInt(27)[0]
      ast.WhileLoop(28)
        ast.OpExpr(28)[NE]
          ast.Dereference(28)
            ast.Name(28)[count]
          ast.LiteralInt(28)[0]
        ast.StatementList(29)
          ast.Assignment(29)
            ast.Name(29)[out]
            ast.OpExpr(29)[ADD]
              ast.OpExpr(29)[MULT]
                ast.Dereference(29)
                  ast.Name(29)[out]
                ast.LiteralInt(29)[2]
              ast.OpExpr(29)[SUB]
                ast.Dereference(29)
                  ast.Name(29)[tmp]
                ast.OpExpr(29)[MULT]
                  ast.OpExpr(29)[DIV]
                    ast.Dereference(29)
                      ast.Name(29)[tmp]
                    ast.LiteralInt(29)[2]
                  ast.LiteralInt(29)[2]
          ast.Assignment(30)
            ast.Name(30)[tmp]
            ast.OpExpr(30)[DIV]
              ast.Dereference(30)
                ast.Name(30)[tmp]
              ast.LiteralInt(30)[2]
          ast.Assignment(31)
            ast.Name(31)[count]
            ast.OpExpr(31)[SUB]
              ast.Dereference(31)
                ast.Name(31)[count]
              ast.LiteralInt(31)[1]
      ast.Return(33)
        ast.Dereference(33)
          ast.Name(33)[out]
  ast.FunctionDefinition(36)[Symbol(main), []]
    ast.StatementList(37)
      ast.VariableDeclaration(37)[Symbol(i)]
      ast.Assignment(38)
        ast.Name(38)[i]
        ast.LiteralInt(38)[0]
      ast.WhileLoop(39)
        ast.OpExpr(39)[LT]
          ast.Dereference(39)
            ast.Name(39)[i]
          ast.LiteralInt(39)[40]
        ast.StatementList(40)
          ast.VariableDeclaration(40)[Symbol(tmp)]
          ast.Assignment(41)
            ast.Name(41)[tmp]
            ast.Call(41)[Symbol(readChar)]
          ast.Call(42)[Symbol(printChar)]
            ast.Call(42)[Symbol(garble)]
              ast.Dereference(42)
                ast.Name(42)[tmp]
              ast.OpExpr(42)[ADD]
                ast.LiteralInt(42)[7]
                ast.Dereference(42)
                  ast.Name(42)[i]
          ast.Assignment(43)
            ast.Name(43)[i]
            ast.OpExpr(43)[ADD]
              ast.Dereference(43)
                ast.Name(43)[i]
              ast.LiteralInt(43)[1]
