ast.DeclarationList(4)
  ast.FunctionDefinition(4)[Symbol(main), []]
    ast.StatementList(5)
      ast.Call(5)[Symbol(printBool)]
        ast.OpExpr(5)[LOGIC_AND]
          ast.OpExpr(5)[LT]
            ast.LiteralInt(5)[3]
            ast.LiteralInt(5)[5]
          ast.OpExpr(5)[GT]
            ast.LiteralInt(5)[4]
            ast.LiteralInt(5)[2]
      ast.Call(6)[Symbol(println)]
      ast.Call(7)[Symbol(printBool)]
        ast.OpExpr(7)[LOGIC_OR]
          ast.OpExpr(7)[LOGIC_AND]
            ast.OpExpr(7)[LT]
              ast.LiteralInt(7)[3]
              ast.LiteralInt(7)[5]
            ast.OpExpr(7)[LT]
              ast.LiteralInt(7)[2]
              ast.LiteralInt(7)[1]
          ast.OpExpr(7)[LT]
            ast.LiteralInt(7)[1]
            ast.LiteralInt(7)[2]
      ast.Call(8)[Symbol(println)]
      ast.Call(9)[Symbol(printBool)]
        ast.OpExpr(9)[LOGIC_AND]
          ast.OpExpr(9)[LT]
            ast.OpExpr(9)[ADD]
              ast.LiteralInt(9)[1]
              ast.LiteralInt(9)[2]
            ast.LiteralInt(9)[4]
          ast.OpExpr(9)[GT]
            ast.LiteralInt(9)[2]
            ast.LiteralInt(9)[1]
      ast.Call(10)[Symbol(println)]
      ast.Call(11)[Symbol(printBool)]
        ast.OpExpr(11)[LOGIC_OR]
          ast.OpExpr(11)[LOGIC_AND]
            ast.LiteralBool(11)[FALSE]
            ast.LiteralBool(11)[FALSE]
          ast.LiteralBool(11)[FALSE]
      ast.Call(12)[Symbol(println)]
      ast.Call(13)[Symbol(printBool)]
        ast.OpExpr(13)[LOGIC_OR]
          ast.OpExpr(13)[LOGIC_AND]
            ast.LiteralBool(13)[FALSE]
            ast.LiteralBool(13)[FALSE]
          ast.LiteralBool(13)[TRUE]
      ast.Call(14)[Symbol(println)]
      ast.Call(15)[Symbol(printBool)]
        ast.OpExpr(15)[LOGIC_OR]
          ast.OpExpr(15)[LOGIC_AND]
            ast.LiteralBool(15)[FALSE]
            ast.LiteralBool(15)[TRUE]
          ast.LiteralBool(15)[FALSE]
      ast.Call(16)[Symbol(println)]
      ast.Call(17)[Symbol(printBool)]
        ast.OpExpr(17)[LOGIC_OR]
          ast.OpExpr(17)[LOGIC_AND]
            ast.LiteralBool(17)[FALSE]
            ast.LiteralBool(17)[TRUE]
          ast.LiteralBool(17)[TRUE]
      ast.Call(18)[Symbol(println)]
      ast.Call(19)[Symbol(printBool)]
        ast.OpExpr(19)[LOGIC_OR]
          ast.OpExpr(19)[LOGIC_AND]
            ast.LiteralBool(19)[TRUE]
            ast.LiteralBool(19)[FALSE]
          ast.LiteralBool(19)[FALSE]
      ast.Call(20)[Symbol(println)]
      ast.Call(21)[Symbol(printBool)]
        ast.OpExpr(21)[LOGIC_OR]
          ast.OpExpr(21)[LOGIC_AND]
            ast.LiteralBool(21)[TRUE]
            ast.LiteralBool(21)[FALSE]
          ast.LiteralBool(21)[TRUE]
      ast.Call(22)[Symbol(println)]
      ast.Call(23)[Symbol(printBool)]
        ast.OpExpr(23)[LOGIC_OR]
          ast.OpExpr(23)[LOGIC_AND]
            ast.LiteralBool(23)[TRUE]
            ast.LiteralBool(23)[TRUE]
          ast.LiteralBool(23)[FALSE]
      ast.Call(24)[Symbol(println)]
      ast.Call(25)[Symbol(printBool)]
        ast.OpExpr(25)[LOGIC_OR]
          ast.OpExpr(25)[LOGIC_AND]
            ast.LiteralBool(25)[TRUE]
            ast.LiteralBool(25)[TRUE]
          ast.LiteralBool(25)[TRUE]
      ast.Call(26)[Symbol(println)]
      ast.Call(27)[Symbol(printBool)]
        ast.OpExpr(27)[LOGIC_OR]
          ast.LiteralBool(27)[FALSE]
          ast.OpExpr(27)[LOGIC_AND]
            ast.LiteralBool(27)[FALSE]
            ast.LiteralBool(27)[FALSE]
      ast.Call(28)[Symbol(println)]
      ast.Call(29)[Symbol(printBool)]
        ast.OpExpr(29)[LOGIC_OR]
          ast.LiteralBool(29)[FALSE]
          ast.OpExpr(29)[LOGIC_AND]
            ast.LiteralBool(29)[FALSE]
            ast.LiteralBool(29)[TRUE]
      ast.Call(30)[Symbol(println)]
      ast.Call(31)[Symbol(printBool)]
        ast.OpExpr(31)[LOGIC_OR]
          ast.LiteralBool(31)[FALSE]
          ast.OpExpr(31)[LOGIC_AND]
            ast.LiteralBool(31)[TRUE]
            ast.LiteralBool(31)[FALSE]
      ast.Call(32)[Symbol(println)]
      ast.Call(33)[Symbol(printBool)]
        ast.OpExpr(33)[LOGIC_OR]
          ast.LiteralBool(33)[FALSE]
          ast.OpExpr(33)[LOGIC_AND]
            ast.LiteralBool(33)[TRUE]
            ast.LiteralBool(33)[TRUE]
      ast.Call(34)[Symbol(println)]
      ast.Call(35)[Symbol(printBool)]
        ast.OpExpr(35)[LOGIC_OR]
          ast.LiteralBool(35)[TRUE]
          ast.OpExpr(35)[LOGIC_AND]
            ast.LiteralBool(35)[FALSE]
            ast.LiteralBool(35)[FALSE]
      ast.Call(36)[Symbol(println)]
      ast.Call(37)[Symbol(printBool)]
        ast.OpExpr(37)[LOGIC_OR]
          ast.LiteralBool(37)[TRUE]
          ast.OpExpr(37)[LOGIC_AND]
            ast.LiteralBool(37)[FALSE]
            ast.LiteralBool(37)[TRUE]
      ast.Call(38)[Symbol(println)]
      ast.Call(39)[Symbol(printBool)]
        ast.OpExpr(39)[LOGIC_OR]
          ast.LiteralBool(39)[TRUE]
          ast.OpExpr(39)[LOGIC_AND]
            ast.LiteralBool(39)[TRUE]
            ast.LiteralBool(39)[FALSE]
      ast.Call(40)[Symbol(println)]
      ast.Call(41)[Symbol(printBool)]
        ast.OpExpr(41)[LOGIC_OR]
          ast.LiteralBool(41)[TRUE]
          ast.OpExpr(41)[LOGIC_AND]
            ast.LiteralBool(41)[TRUE]
            ast.LiteralBool(41)[TRUE]
      ast.Call(42)[Symbol(println)]
