ast.DeclarationList(2)
  ast.ArrayDeclaration(2)[Symbol(a)]
  ast.FunctionDefinition(4)[Symbol(bubblesort), []]
    ast.StatementList(5)
      ast.VariableDeclaration(5)[Symbol(swapped)]
      ast.Assignment(6)
        ast.Name(6)[swapped]
        ast.LiteralBool(6)[TRUE]
      ast.WhileLoop(7)
        ast.Dereference(7)
          ast.Name(7)[swapped]
        ast.StatementList(8)
          ast.Assignment(8)
            ast.Name(8)[swapped]
            ast.LiteralBool(8)[FALSE]
          ast.VariableDeclaration(9)[Symbol(i)]
          ast.Assignment(10)
            ast.Name(10)[i]
            ast.LiteralInt(10)[0]
          ast.WhileLoop(11)
            ast.OpExpr(11)[LT]
              ast.Dereference(11)
                ast.Name(11)[i]
              ast.LiteralInt(11)[13]
            ast.StatementList(12)
              ast.IfElseBranch(12)
                ast.OpExpr(12)[GT]
                  ast.Dereference(12)
                    ast.ArrayAccess(12)
                      ast.Name(12)[a]
                      ast.Dereference(12)
                        ast.Name(12)[i]
                  ast.Dereference(12)
                    ast.ArrayAccess(12)
                      ast.Name(12)[a]
                      ast.OpExpr(12)[ADD]
                        ast.Dereference(12)
                          ast.Name(12)[i]
                        ast.LiteralInt(12)[1]
                ast.StatementList(13)
                  ast.VariableDeclaration(13)[Symbol(tmp)]
                  ast.Assignment(14)
                    ast.Name(14)[tmp]
                    ast.Dereference(14)
                      ast.ArrayAccess(14)
                        ast.Name(14)[a]
                        ast.Dereference(14)
                          ast.Name(14)[i]
                  ast.Assignment(15)
                    ast.ArrayAccess(15)
                      ast.Name(15)[a]
                      ast.Dereference(15)
                        ast.Name(15)[i]
                    ast.Dereference(15)
                      ast.ArrayAccess(15)
                        ast.Name(15)[a]
                        ast.OpExpr(15)[ADD]
                          ast.Dereference(15)
                            ast.Name(15)[i]
                          ast.LiteralInt(15)[1]
                  ast.Assignment(16)
                    ast.ArrayAccess(16)
                      ast.Name(16)[a]
                      ast.OpExpr(16)[ADD]
                        ast.Dereference(16)
                          ast.Name(16)[i]
                        ast.LiteralInt(16)[1]
                    ast.Dereference(16)
                      ast.Name(16)[tmp]
                  ast.Assignment(17)
                    ast.Name(17)[swapped]
                    ast.LiteralBool(17)[TRUE]
                ast.StatementList(12)
              ast.Assignment(19)
                ast.Name(19)[i]
                ast.OpExpr(19)[ADD]
                  ast.Dereference(19)
                    ast.Name(19)[i]
                  ast.LiteralInt(19)[1]
  ast.FunctionDefinition(24)[Symbol(main), []]
    ast.StatementList(25)
      ast.VariableDeclaration(25)[Symbol(i)]
      ast.Assignment(26)
        ast.Name(26)[i]
        ast.LiteralInt(26)[0]
      ast.WhileLoop(27)
        ast.OpExpr(27)[LT]
          ast.Dereference(27)
            ast.Name(27)[i]
          ast.LiteralInt(27)[14]
        ast.StatementList(28)
          ast.Assignment(28)
            ast.ArrayAccess(28)
              ast.Name(28)[a]
              ast.Dereference(28)
                ast.Name(28)[i]
            ast.OpExpr(28)[SUB]
              ast.LiteralInt(28)[14]
              ast.Dereference(28)
                ast.Name(28)[i]
          ast.Assignment(29)
            ast.Name(29)[i]
            ast.OpExpr(29)[ADD]
              ast.Dereference(29)
                ast.Name(29)[i]
              ast.LiteralInt(29)[1]
      ast.Call(32)[Symbol(bubblesort)]
      ast.Assignment(34)
        ast.Name(34)[i]
        ast.LiteralInt(34)[0]
      ast.WhileLoop(35)
        ast.OpExpr(35)[LT]
          ast.Dereference(35)
            ast.Name(35)[i]
          ast.LiteralInt(35)[14]
        ast.StatementList(36)
          ast.Call(36)[Symbol(printInt)]
            ast.Dereference(36)
              ast.ArrayAccess(36)
                ast.Name(36)[a]
                ast.Dereference(36)
                  ast.Name(36)[i]
          ast.Call(37)[Symbol(println)]
          ast.Assignment(38)
            ast.Name(38)[i]
            ast.OpExpr(38)[ADD]
              ast.Dereference(38)
                ast.Name(38)[i]
              ast.LiteralInt(38)[1]
