ast.DeclarationList(3)
  ast.FunctionDefinition(3)[Symbol(main), []]
    ast.StatementList(4)
      ast.VariableDeclaration(4)[Symbol(a)]
      ast.Assignment(5)
        ast.Name(5)[a]
        ast.LiteralInt(5)[0]
      ast.VariableDeclaration(6)[Symbol(b)]
      ast.Assignment(7)
        ast.Name(7)[b]
        ast.LiteralInt(7)[0]
      ast.WhileLoop(8)
        ast.OpExpr(8)[LT]
          ast.Dereference(8)
            ast.Name(8)[a]
          ast.LiteralInt(8)[3]
        ast.StatementList(9)
          ast.IfElseBranch(9)
            ast.LiteralBool(9)[TRUE]
            ast.StatementList(10)
              ast.IfElseBranch(10)
                ast.LiteralBool(10)[TRUE]
                ast.StatementList(11)
                  ast.WhileLoop(11)
                    ast.OpExpr(11)[LT]
                      ast.Dereference(11)
                        ast.Name(11)[b]
                      ast.LiteralInt(11)[3]
                    ast.StatementList(12)
                      ast.Call(12)[Symbol(printInt)]
                        ast.LiteralInt(12)[5]
                      ast.Assignment(13)
                        ast.Name(13)[b]
                        ast.OpExpr(13)[ADD]
                          ast.Dereference(13)
                            ast.Name(13)[b]
                          ast.LiteralInt(13)[1]
                ast.StatementList(16)
                  ast.Call(16)[Symbol(printInt)]
                    ast.LiteralInt(16)[5]
            ast.StatementList(9)
          ast.Call(19)[Symbol(printInt)]
            ast.LiteralInt(19)[5]
          ast.Assignment(20)
            ast.Name(20)[a]
            ast.OpExpr(20)[ADD]
              ast.Dereference(20)
                ast.Name(20)[a]
              ast.LiteralInt(20)[1]
      ast.Call(22)[Symbol(printInt)]
        ast.LiteralInt(22)[5]
