Crux Program has no type errors.
ast.DeclarationList(2)
  ast.VariableDeclaration(2)[Symbol(a:int)]
  ast.FunctionDefinition(4)[Symbol(main:func(TypeList()):void), []]
    ast.StatementList(5)
      ast.IfElseBranch(5)
        bool: ast.LiteralBool(5)[FALSE]
        ast.StatementList(6)
          ast.IfElseBranch(6)
            bool: ast.LiteralBool(6)[TRUE]
            ast.StatementList(7)
              ast.WhileLoop(7)
                bool: ast.LiteralBool(7)[TRUE]
                ast.StatementList(8)
                  void: ast.Assignment(8)
                    Address(int): ast.Name(8)[a]
                    int: ast.LiteralInt(8)[7]
            ast.StatementList(6)
        ast.StatementList(5)
